// Jest Snapshot v1, https://goo.gl/fbAQLP

exports[`Single card product snapshot 1`] = `
<div>
  <div
    class="sc-58f62d77-0 kGfDRd"
  >
    <div
      class="sc-22a4236-0 gAxNLm"
    >
      <button
        class="sc-22a4236-1 bMLVPZ btn btn-light m-0 text-left"
        type="button"
      >
        <svg
          fill="none"
          height="24"
          stroke="currentColor"
          stroke-width="0"
          viewBox="0 0 24 24"
          width="24"
          xmlns="http://www.w3.org/2000/svg"
        >
          <path
            d="M4.318 6.318a4.5 4.5 0 000 6.364L12 20.364l7.682-7.682a4.5 4.5 0 00-6.364-6.364L12 7.636l-1.318-1.318a4.5 4.5 0 00-6.364 0z"
            stroke-linecap="round"
            stroke-linejoin="round"
            stroke-width="2"
          />
        </svg>
      </button>
    </div>
    <div
      class="sc-58f62d77-1 abLvM"
    >
      <img
        alt="Product Name"
        class="sc-58f62d77-2 hkyfYH"
        src="image.jpg"
      />
    </div>
    <div
      class="sc-58f62d77-5 jaqOHa"
    >
      <h2
        class="sc-58f62d77-3 dJPdHi"
      >
        Product Name
      </h2>
      <p
        class="sc-58f62d77-4 fGfVkk"
      >
        $1
      </p>
    </div>
    <div
      class="sc-58f62d77-6 hueLoB"
    />
  </div>
</div>
`;
